<?php return array (
  0 => 'Symfony\\Bundle\\FrameworkBundle\\Controller\\AbstractController',
  1 => 'App\\Controller\\GenreController',
  2 => 'App\\Controller\\GenreJsonController',
  3 => 'App\\Controller\\ReclamationController',
  4 => 'App\\Controller\\ReclamationJsonController',
  5 => 'App\\Entity\\Category',
  6 => 'App\\Entity\\Coaching',
  7 => 'App\\Entity\\Commande',
  8 => 'App\\Entity\\CommandeProduit',
  9 => 'App\\Entity\\Evenement',
  10 => 'App\\Entity\\Genre',
  11 => 'App\\Entity\\Produit',
  12 => 'App\\Entity\\Reclamation',
  13 => 'App\\Entity\\RendezVous',
  14 => 'App\\Entity\\Sponsor',
  15 => 'App\\Entity\\User',
  16 => 'Doctrine\\Bundle\\DoctrineBundle\\Controller\\ProfilerController',
  17 => 'Doctrine\\ORM\\Cache\\Persister\\Entity\\AbstractEntityPersister',
  18 => 'Doctrine\\ORM\\Cache\\Persister\\Entity\\CachedEntityPersister',
  19 => 'Doctrine\\ORM\\Cache\\Persister\\Entity\\NonStrictReadWriteCachedEntityPersister',
  20 => 'Doctrine\\ORM\\Cache\\Persister\\Entity\\ReadOnlyCachedEntityPersister',
  21 => 'Doctrine\\ORM\\Cache\\Persister\\Entity\\ReadWriteCachedEntityPersister',
  22 => 'Doctrine\\ORM\\Persisters\\Entity\\AbstractEntityInheritancePersister',
  23 => 'Doctrine\\ORM\\Persisters\\Entity\\BasicEntityPersister',
  24 => 'Doctrine\\ORM\\Persisters\\Entity\\CachedPersisterContext',
  25 => 'Doctrine\\ORM\\Persisters\\Entity\\EntityPersister',
  26 => 'Doctrine\\ORM\\Persisters\\Entity\\JoinedSubclassPersister',
  27 => 'Doctrine\\ORM\\Persisters\\Entity\\SingleTablePersister',
  29 => 'Symfony\\Bundle\\FrameworkBundle\\Controller\\ControllerResolver',
  30 => 'Symfony\\Bundle\\FrameworkBundle\\Controller\\RedirectController',
  31 => 'Symfony\\Bundle\\FrameworkBundle\\Controller\\TemplateController',
  32 => 'Symfony\\Bundle\\WebProfilerBundle\\Controller\\ExceptionPanelController',
  33 => 'Symfony\\Bundle\\WebProfilerBundle\\Controller\\ProfilerController',
  34 => 'Symfony\\Bundle\\WebProfilerBundle\\Controller\\RouterController',
  35 => 'Symfony\\Component\\HttpKernel\\Controller\\ArgumentResolver',
  36 => 'Symfony\\Component\\HttpKernel\\Controller\\ArgumentResolverInterface',
  37 => 'Symfony\\Component\\HttpKernel\\Controller\\ArgumentResolver\\DefaultValueResolver',
  38 => 'Symfony\\Component\\HttpKernel\\Controller\\ArgumentResolver\\NotTaggedControllerValueResolver',
  39 => 'Symfony\\Component\\HttpKernel\\Controller\\ArgumentResolver\\RequestAttributeValueResolver',
  40 => 'Symfony\\Component\\HttpKernel\\Controller\\ArgumentResolver\\RequestValueResolver',
  41 => 'Symfony\\Component\\HttpKernel\\Controller\\ArgumentResolver\\ServiceValueResolver',
  42 => 'Symfony\\Component\\HttpKernel\\Controller\\ArgumentResolver\\SessionValueResolver',
  43 => 'Symfony\\Component\\HttpKernel\\Controller\\ArgumentResolver\\TraceableValueResolver',
  44 => 'Symfony\\Component\\HttpKernel\\Controller\\ArgumentResolver\\VariadicValueResolver',
  45 => 'Symfony\\Component\\HttpKernel\\Controller\\ArgumentValueResolverInterface',
  46 => 'Symfony\\Component\\HttpKernel\\Controller\\ContainerControllerResolver',
  47 => 'Symfony\\Component\\HttpKernel\\Controller\\ControllerReference',
  48 => 'Symfony\\Component\\HttpKernel\\Controller\\ControllerResolver',
  49 => 'Symfony\\Component\\HttpKernel\\Controller\\ControllerResolverInterface',
  50 => 'Symfony\\Component\\HttpKernel\\Controller\\ErrorController',
  51 => 'Symfony\\Component\\HttpKernel\\Controller\\TraceableArgumentResolver',
  52 => 'Symfony\\Component\\HttpKernel\\Controller\\TraceableControllerResolver',
  53 => 'Symfony\\Component\\Security\\Http\\Controller\\UserValueResolver',
  54 => 'Twilio\\Rest\\Verify\\V2\\Service\\Entity\\ChallengeContext',
  55 => 'Twilio\\Rest\\Verify\\V2\\Service\\Entity\\ChallengeInstance',
  56 => 'Twilio\\Rest\\Verify\\V2\\Service\\Entity\\ChallengeList',
  57 => 'Twilio\\Rest\\Verify\\V2\\Service\\Entity\\ChallengeOptions',
  58 => 'Twilio\\Rest\\Verify\\V2\\Service\\Entity\\ChallengePage',
  59 => 'Twilio\\Rest\\Verify\\V2\\Service\\Entity\\Challenge\\NotificationInstance',
  60 => 'Twilio\\Rest\\Verify\\V2\\Service\\Entity\\Challenge\\NotificationList',
  61 => 'Twilio\\Rest\\Verify\\V2\\Service\\Entity\\Challenge\\NotificationOptions',
  62 => 'Twilio\\Rest\\Verify\\V2\\Service\\Entity\\Challenge\\NotificationPage',
  63 => 'Twilio\\Rest\\Verify\\V2\\Service\\Entity\\FactorContext',
  64 => 'Twilio\\Rest\\Verify\\V2\\Service\\Entity\\FactorInstance',
  65 => 'Twilio\\Rest\\Verify\\V2\\Service\\Entity\\FactorList',
  66 => 'Twilio\\Rest\\Verify\\V2\\Service\\Entity\\FactorOptions',
  67 => 'Twilio\\Rest\\Verify\\V2\\Service\\Entity\\FactorPage',
  68 => 'Twilio\\Rest\\Verify\\V2\\Service\\Entity\\NewFactorInstance',
  69 => 'Twilio\\Rest\\Verify\\V2\\Service\\Entity\\NewFactorList',
  70 => 'Twilio\\Rest\\Verify\\V2\\Service\\Entity\\NewFactorOptions',
  71 => 'Twilio\\Rest\\Verify\\V2\\Service\\Entity\\NewFactorPage',
);